
({
  ".foo": {
    webkitTransform: foo,
    transform: foo,
    color: bar
  }
});