
csjs`.foo{ -webkit-transform: ${ foo }; transform: ${ foo }; color: ${ bar } }`;
